C51 COMPILER V9.01   HJC52                                                                 03/04/2020 12:27:43 PAGE 1   


C51 COMPILER V9.01, COMPILATION OF MODULE HJC52
OBJECT MODULE PLACED IN hjc52.OBJ
COMPILER INVOKED BY: C:\Keil\C51\BIN\C51.EXE hjc52.c BROWSE DEBUG OBJECTEXTEND

line level    source

*** WARNING C500 IN LINE 1 OF HJC52.C: LICENSE ERROR (R230: CONNECT TO UVISION KERNEL FAILED)

   1          /*********************************************************************
   2           *
   3           *                         HJ-C52.c
   4           *
   5           *********************************************************************
   6           * 描    述: HL-1/HJ-3G/HJ-C52主板初始化函数
   7           * 开发平台: HJ-C52开发板+KEIL C51
   8           ********************************************************************/
   9          
  10          #include "stc.h"/*包含STC单片机头文件*/
  11          #include "hjc52.h"/*包含HL-1/HJ-3G/HJ-C52开发板头文件*/
  12          
  13          /*HJ-C52主板初始化函数*/
  14          void hjc52_init(void)
  15          {
  16   1              /* HJ-C52 引脚方向、输出初值定义 */
  17   1              FM=1;/*蜂鸣器*/
  18   1              EN=0;/*让LCD1602数据口处于输入状态，相当于LCD1602使不能，让其释放数据总线*/
  19   1              CS=1;/*TF卡使不能*/
  20   1              RST=0;/*ds1302使不能*/
  21   1      }
  22          


MODULE INFORMATION:   STATIC OVERLAYABLE
   CODE SIZE        =      9    ----
   CONSTANT SIZE    =   ----    ----
   XDATA SIZE       =   ----    ----
   PDATA SIZE       =   ----    ----
   DATA SIZE        =   ----    ----
   IDATA SIZE       =   ----    ----
   BIT SIZE         =   ----    ----
END OF MODULE INFORMATION.


C51 COMPILATION COMPLETE.  1 WARNING(S),  0 ERROR(S)
